// Vitest Snapshot v1, https://vitest.dev/guide/snapshot.html

exports[`components card-project > renders correctly 1`] = `
{
  "asFragment": [Function],
  "baseElement": <body>
    <div>
      <div
        class="overflow-hidden rounded-4 border border-line bg-black-strong"
      >
        <div
          class="relative aspect-[370/146]"
        >
          <img
            alt="Project title"
            data-nimg="fill"
            decoding="async"
            loading="lazy"
            sizes="100vw"
            src="/_next/image?url=https%3A%2F%2Fimages.unsplash.com%2Fphoto-1682686578615-39549501dd08%3Fq%3D80%26w%3D870%26auto%3Dformat%26fit%3Dcrop%26ixlib%3Drb-4.0.3%26ixid%3DM3wxMjA3fDF8MHxwaG90by1wYWdlfHx8fGVufDB8fHx8fA%253D%253D&w=3840&q=75"
            srcset="/_next/image?url=https%3A%2F%2Fimages.unsplash.com%2Fphoto-1682686578615-39549501dd08%3Fq%3D80%26w%3D870%26auto%3Dformat%26fit%3Dcrop%26ixlib%3Drb-4.0.3%26ixid%3DM3wxMjA3fDF8MHxwaG90by1wYWdlfHx8fGVufDB8fHx8fA%253D%253D&w=640&q=75 640w, /_next/image?url=https%3A%2F%2Fimages.unsplash.com%2Fphoto-1682686578615-39549501dd08%3Fq%3D80%26w%3D870%26auto%3Dformat%26fit%3Dcrop%26ixlib%3Drb-4.0.3%26ixid%3DM3wxMjA3fDF8MHxwaG90by1wYWdlfHx8fGVufDB8fHx8fA%253D%253D&w=750&q=75 750w, /_next/image?url=https%3A%2F%2Fimages.unsplash.com%2Fphoto-1682686578615-39549501dd08%3Fq%3D80%26w%3D870%26auto%3Dformat%26fit%3Dcrop%26ixlib%3Drb-4.0.3%26ixid%3DM3wxMjA3fDF8MHxwaG90by1wYWdlfHx8fGVufDB8fHx8fA%253D%253D&w=828&q=75 828w, /_next/image?url=https%3A%2F%2Fimages.unsplash.com%2Fphoto-1682686578615-39549501dd08%3Fq%3D80%26w%3D870%26auto%3Dformat%26fit%3Dcrop%26ixlib%3Drb-4.0.3%26ixid%3DM3wxMjA3fDF8MHxwaG90by1wYWdlfHx8fGVufDB8fHx8fA%253D%253D&w=1080&q=75 1080w, /_next/image?url=https%3A%2F%2Fimages.unsplash.com%2Fphoto-1682686578615-39549501dd08%3Fq%3D80%26w%3D870%26auto%3Dformat%26fit%3Dcrop%26ixlib%3Drb-4.0.3%26ixid%3DM3wxMjA3fDF8MHxwaG90by1wYWdlfHx8fGVufDB8fHx8fA%253D%253D&w=1200&q=75 1200w, /_next/image?url=https%3A%2F%2Fimages.unsplash.com%2Fphoto-1682686578615-39549501dd08%3Fq%3D80%26w%3D870%26auto%3Dformat%26fit%3Dcrop%26ixlib%3Drb-4.0.3%26ixid%3DM3wxMjA3fDF8MHxwaG90by1wYWdlfHx8fGVufDB8fHx8fA%253D%253D&w=1920&q=75 1920w, /_next/image?url=https%3A%2F%2Fimages.unsplash.com%2Fphoto-1682686578615-39549501dd08%3Fq%3D80%26w%3D870%26auto%3Dformat%26fit%3Dcrop%26ixlib%3Drb-4.0.3%26ixid%3DM3wxMjA3fDF8MHxwaG90by1wYWdlfHx8fGVufDB8fHx8fA%253D%253D&w=2048&q=75 2048w, /_next/image?url=https%3A%2F%2Fimages.unsplash.com%2Fphoto-1682686578615-39549501dd08%3Fq%3D80%26w%3D870%26auto%3Dformat%26fit%3Dcrop%26ixlib%3Drb-4.0.3%26ixid%3DM3wxMjA3fDF8MHxwaG90by1wYWdlfHx8fGVufDB8fHx8fA%253D%253D&w=3840&q=75 3840w"
            style="position: absolute; height: 100%; width: 100%; left: 0px; top: 0px; right: 0px; bottom: 0px; object-fit: cover; object-position: center; color: transparent;"
          />
        </div>
        <div
          class="border-t border-t-line px-6 py-4"
        >
          <p
            class="text-gray-secondary text-lg mb-5"
          >
            Project description
          </p>
          <button
            class="flex items-center justify-center rounded-2 px-3.5 py-2.5 text-sm outline-none transition-all duration-200 ease-in-out focus:ring-2 focus:ring-offset-1 bg-black-slight text-white shadow-border-black-slight hover:bg-black-slight/90 focus:ring-black-slight/20 focus:ring-offset-black-slight/10"
          >
            view-project
          </button>
        </div>
      </div>
    </div>
  </body>,
  "container": <div>
    <div
      class="overflow-hidden rounded-4 border border-line bg-black-strong"
    >
      <div
        class="relative aspect-[370/146]"
      >
        <img
          alt="Project title"
          data-nimg="fill"
          decoding="async"
          loading="lazy"
          sizes="100vw"
          src="/_next/image?url=https%3A%2F%2Fimages.unsplash.com%2Fphoto-1682686578615-39549501dd08%3Fq%3D80%26w%3D870%26auto%3Dformat%26fit%3Dcrop%26ixlib%3Drb-4.0.3%26ixid%3DM3wxMjA3fDF8MHxwaG90by1wYWdlfHx8fGVufDB8fHx8fA%253D%253D&w=3840&q=75"
          srcset="/_next/image?url=https%3A%2F%2Fimages.unsplash.com%2Fphoto-1682686578615-39549501dd08%3Fq%3D80%26w%3D870%26auto%3Dformat%26fit%3Dcrop%26ixlib%3Drb-4.0.3%26ixid%3DM3wxMjA3fDF8MHxwaG90by1wYWdlfHx8fGVufDB8fHx8fA%253D%253D&w=640&q=75 640w, /_next/image?url=https%3A%2F%2Fimages.unsplash.com%2Fphoto-1682686578615-39549501dd08%3Fq%3D80%26w%3D870%26auto%3Dformat%26fit%3Dcrop%26ixlib%3Drb-4.0.3%26ixid%3DM3wxMjA3fDF8MHxwaG90by1wYWdlfHx8fGVufDB8fHx8fA%253D%253D&w=750&q=75 750w, /_next/image?url=https%3A%2F%2Fimages.unsplash.com%2Fphoto-1682686578615-39549501dd08%3Fq%3D80%26w%3D870%26auto%3Dformat%26fit%3Dcrop%26ixlib%3Drb-4.0.3%26ixid%3DM3wxMjA3fDF8MHxwaG90by1wYWdlfHx8fGVufDB8fHx8fA%253D%253D&w=828&q=75 828w, /_next/image?url=https%3A%2F%2Fimages.unsplash.com%2Fphoto-1682686578615-39549501dd08%3Fq%3D80%26w%3D870%26auto%3Dformat%26fit%3Dcrop%26ixlib%3Drb-4.0.3%26ixid%3DM3wxMjA3fDF8MHxwaG90by1wYWdlfHx8fGVufDB8fHx8fA%253D%253D&w=1080&q=75 1080w, /_next/image?url=https%3A%2F%2Fimages.unsplash.com%2Fphoto-1682686578615-39549501dd08%3Fq%3D80%26w%3D870%26auto%3Dformat%26fit%3Dcrop%26ixlib%3Drb-4.0.3%26ixid%3DM3wxMjA3fDF8MHxwaG90by1wYWdlfHx8fGVufDB8fHx8fA%253D%253D&w=1200&q=75 1200w, /_next/image?url=https%3A%2F%2Fimages.unsplash.com%2Fphoto-1682686578615-39549501dd08%3Fq%3D80%26w%3D870%26auto%3Dformat%26fit%3Dcrop%26ixlib%3Drb-4.0.3%26ixid%3DM3wxMjA3fDF8MHxwaG90by1wYWdlfHx8fGVufDB8fHx8fA%253D%253D&w=1920&q=75 1920w, /_next/image?url=https%3A%2F%2Fimages.unsplash.com%2Fphoto-1682686578615-39549501dd08%3Fq%3D80%26w%3D870%26auto%3Dformat%26fit%3Dcrop%26ixlib%3Drb-4.0.3%26ixid%3DM3wxMjA3fDF8MHxwaG90by1wYWdlfHx8fGVufDB8fHx8fA%253D%253D&w=2048&q=75 2048w, /_next/image?url=https%3A%2F%2Fimages.unsplash.com%2Fphoto-1682686578615-39549501dd08%3Fq%3D80%26w%3D870%26auto%3Dformat%26fit%3Dcrop%26ixlib%3Drb-4.0.3%26ixid%3DM3wxMjA3fDF8MHxwaG90by1wYWdlfHx8fGVufDB8fHx8fA%253D%253D&w=3840&q=75 3840w"
          style="position: absolute; height: 100%; width: 100%; left: 0px; top: 0px; right: 0px; bottom: 0px; object-fit: cover; object-position: center; color: transparent;"
        />
      </div>
      <div
        class="border-t border-t-line px-6 py-4"
      >
        <p
          class="text-gray-secondary text-lg mb-5"
        >
          Project description
        </p>
        <button
          class="flex items-center justify-center rounded-2 px-3.5 py-2.5 text-sm outline-none transition-all duration-200 ease-in-out focus:ring-2 focus:ring-offset-1 bg-black-slight text-white shadow-border-black-slight hover:bg-black-slight/90 focus:ring-black-slight/20 focus:ring-offset-black-slight/10"
        >
          view-project
        </button>
      </div>
    </div>
  </div>,
  "debug": [Function],
  "findAllByAltText": [Function],
  "findAllByDisplayValue": [Function],
  "findAllByLabelText": [Function],
  "findAllByPlaceholderText": [Function],
  "findAllByRole": [Function],
  "findAllByTestId": [Function],
  "findAllByText": [Function],
  "findAllByTitle": [Function],
  "findByAltText": [Function],
  "findByDisplayValue": [Function],
  "findByLabelText": [Function],
  "findByPlaceholderText": [Function],
  "findByRole": [Function],
  "findByTestId": [Function],
  "findByText": [Function],
  "findByTitle": [Function],
  "getAllByAltText": [Function],
  "getAllByDisplayValue": [Function],
  "getAllByLabelText": [Function],
  "getAllByPlaceholderText": [Function],
  "getAllByRole": [Function],
  "getAllByTestId": [Function],
  "getAllByText": [Function],
  "getAllByTitle": [Function],
  "getByAltText": [Function],
  "getByDisplayValue": [Function],
  "getByLabelText": [Function],
  "getByPlaceholderText": [Function],
  "getByRole": [Function],
  "getByTestId": [Function],
  "getByText": [Function],
  "getByTitle": [Function],
  "queryAllByAltText": [Function],
  "queryAllByDisplayValue": [Function],
  "queryAllByLabelText": [Function],
  "queryAllByPlaceholderText": [Function],
  "queryAllByRole": [Function],
  "queryAllByTestId": [Function],
  "queryAllByText": [Function],
  "queryAllByTitle": [Function],
  "queryByAltText": [Function],
  "queryByDisplayValue": [Function],
  "queryByLabelText": [Function],
  "queryByPlaceholderText": [Function],
  "queryByRole": [Function],
  "queryByTestId": [Function],
  "queryByText": [Function],
  "queryByTitle": [Function],
  "rerender": [Function],
  "unmount": [Function],
}
`;
