// Vitest Snapshot v1, https://vitest.dev/guide/snapshot.html

exports[`components-input > renders correctly 1`] = `
{
  "asFragment": [Function],
  "baseElement": <body>
    <div>
      <div
        class="flex flex-col"
      >
        <label
          class="text-gray-secondary mb-2.5 w-fit text-base"
          for="I am mocked"
        >
          _
          name
          :
        </label>
        <div>
          <div
            class="relative w-full"
          >
            <input
              class="shadow-border-line placeholder-gray-subtle w-full rounded-2 bg-black-strong px-4 py-2.5 text-base text-white outline-none transition-all duration-200 ease-in-out focus:ring-2 focus:ring-line/20 focus:ring-offset-1 focus:ring-offset-line/10"
              id="I am mocked"
              placeholder="Sang Nguyen"
            />
          </div>
        </div>
      </div>
    </div>
  </body>,
  "container": <div>
    <div
      class="flex flex-col"
    >
      <label
        class="text-gray-secondary mb-2.5 w-fit text-base"
        for="I am mocked"
      >
        _
        name
        :
      </label>
      <div>
        <div
          class="relative w-full"
        >
          <input
            class="shadow-border-line placeholder-gray-subtle w-full rounded-2 bg-black-strong px-4 py-2.5 text-base text-white outline-none transition-all duration-200 ease-in-out focus:ring-2 focus:ring-line/20 focus:ring-offset-1 focus:ring-offset-line/10"
            id="I am mocked"
            placeholder="Sang Nguyen"
          />
        </div>
      </div>
    </div>
  </div>,
  "debug": [Function],
  "findAllByAltText": [Function],
  "findAllByDisplayValue": [Function],
  "findAllByLabelText": [Function],
  "findAllByPlaceholderText": [Function],
  "findAllByRole": [Function],
  "findAllByTestId": [Function],
  "findAllByText": [Function],
  "findAllByTitle": [Function],
  "findByAltText": [Function],
  "findByDisplayValue": [Function],
  "findByLabelText": [Function],
  "findByPlaceholderText": [Function],
  "findByRole": [Function],
  "findByTestId": [Function],
  "findByText": [Function],
  "findByTitle": [Function],
  "getAllByAltText": [Function],
  "getAllByDisplayValue": [Function],
  "getAllByLabelText": [Function],
  "getAllByPlaceholderText": [Function],
  "getAllByRole": [Function],
  "getAllByTestId": [Function],
  "getAllByText": [Function],
  "getAllByTitle": [Function],
  "getByAltText": [Function],
  "getByDisplayValue": [Function],
  "getByLabelText": [Function],
  "getByPlaceholderText": [Function],
  "getByRole": [Function],
  "getByTestId": [Function],
  "getByText": [Function],
  "getByTitle": [Function],
  "queryAllByAltText": [Function],
  "queryAllByDisplayValue": [Function],
  "queryAllByLabelText": [Function],
  "queryAllByPlaceholderText": [Function],
  "queryAllByRole": [Function],
  "queryAllByTestId": [Function],
  "queryAllByText": [Function],
  "queryAllByTitle": [Function],
  "queryByAltText": [Function],
  "queryByDisplayValue": [Function],
  "queryByLabelText": [Function],
  "queryByPlaceholderText": [Function],
  "queryByRole": [Function],
  "queryByTestId": [Function],
  "queryByText": [Function],
  "queryByTitle": [Function],
  "rerender": [Function],
  "unmount": [Function],
}
`;
